// Jest Snapshot v1, https://goo.gl/fbAQLP

exports[`TEST APP find dom element 1`] = `
<input
  data-testid="input"
  placeholder="input value"
  type="text"
  value=""
/>
`;
